#2026 08 19 17:47:01.938#Z#DEBUG#d739ad82-9bf5-11f1-8315-eeee0a991ab8.mycapapp-srv#flowable-async-job-executor-thread-352#
[PollStageAppStatusExecution] 22d07cc0-425d-441c-8cbb-9456d26e40b2 [2026-08-19T17:46:12.430355] Updated app with guid 22d07cc0-425d-441c-8cbb-9456d26e40b2 ({"lifecycle"=>{"data"=>{"buildpacks"=>["nodejs_buildpack"]}, "type"=>"buildpack"}}) (STDOUT, API)#
#2026 08 19 17:47:01.938#Z#DEBUG#d739ad82-9bf5-11f1-8315-eeee0a991ab8.mycapapp-srv#flowable-async-job-executor-thread-352#
[PollStageAppStatusExecution] 22d07cc0-425d-441c-8cbb-9456d26e40b2 [2026-08-19T17:46:12.531957] Updating process: "web" (STDOUT, API)#
#2026 08 19 17:47:01.938#Z#DEBUG#d739ad82-9bf5-11f1-8315-eeee0a991ab8.mycapapp-srv#flowable-async-job-executor-thread-352#
[PollStageAppStatusExecution] 22d07cc0-425d-441c-8cbb-9456d26e40b2 [2026-08-19T17:46:42.188264] Uploading app package for app with guid 22d07cc0-425d-441c-8cbb-9456d26e40b2 (STDOUT, API)#
#2026 08 19 17:47:01.938#Z#DEBUG#d739ad82-9bf5-11f1-8315-eeee0a991ab8.mycapapp-srv#flowable-async-job-executor-thread-352#
[PollStageAppStatusExecution] 22d07cc0-425d-441c-8cbb-9456d26e40b2 [2026-08-19T17:46:42.377432] Updated app with guid 22d07cc0-425d-441c-8cbb-9456d26e40b2 ({"environment_variables"=>"[PRIVATE DATA HIDDEN]"}) (STDOUT, API)#
#2026 08 19 17:47:01.938#Z#DEBUG#d739ad82-9bf5-11f1-8315-eeee0a991ab8.mycapapp-srv#flowable-async-job-executor-thread-352#
[PollStageAppStatusExecution] 22d07cc0-425d-441c-8cbb-9456d26e40b2 [2026-08-19T17:46:52.080163] Creating build for app with guid 22d07cc0-425d-441c-8cbb-9456d26e40b2 (STDOUT, API)#
#2026 08 19 17:47:01.938#Z#DEBUG#d739ad82-9bf5-11f1-8315-eeee0a991ab8.mycapapp-srv#flowable-async-job-executor-thread-352#
[PollStageAppStatusExecution] 22d07cc0-425d-441c-8cbb-9456d26e40b2 [2026-08-19T17:46:52.370658] Downloading nodejs_buildpack... (STDOUT, STG)#
#2026 08 19 17:47:01.938#Z#DEBUG#d739ad82-9bf5-11f1-8315-eeee0a991ab8.mycapapp-srv#flowable-async-job-executor-thread-352#
[PollStageAppStatusExecution] 22d07cc0-425d-441c-8cbb-9456d26e40b2 [2026-08-19T17:46:52.416335] Downloaded nodejs_buildpack (STDOUT, STG)#
#2026 08 19 17:47:01.938#Z#DEBUG#d739ad82-9bf5-11f1-8315-eeee0a991ab8.mycapapp-srv#flowable-async-job-executor-thread-352#
[PollStageAppStatusExecution] 22d07cc0-425d-441c-8cbb-9456d26e40b2 [2026-08-19T17:46:52.416408] Cell 89b9d699-6741-4253-b74d-7b474c46b6cc creating container for instance 908b5aa1-4181-4a37-a1d1-710b02e47680 (STDOUT, STG)#
#2026 08 19 17:47:01.938#Z#DEBUG#d739ad82-9bf5-11f1-8315-eeee0a991ab8.mycapapp-srv#flowable-async-job-executor-thread-352#
[PollStageAppStatusExecution] 22d07cc0-425d-441c-8cbb-9456d26e40b2 [2026-08-19T17:46:52.736791] Security group rules were updated (STDOUT, STG)#
#2026 08 19 17:47:01.938#Z#DEBUG#d739ad82-9bf5-11f1-8315-eeee0a991ab8.mycapapp-srv#flowable-async-job-executor-thread-352#
[PollStageAppStatusExecution] 22d07cc0-425d-441c-8cbb-9456d26e40b2 [2026-08-19T17:46:52.795297] Cell 89b9d699-6741-4253-b74d-7b474c46b6cc successfully created container for instance 908b5aa1-4181-4a37-a1d1-710b02e47680 (STDOUT, STG)#
#2026 08 19 17:47:01.938#Z#DEBUG#d739ad82-9bf5-11f1-8315-eeee0a991ab8.mycapapp-srv#flowable-async-job-executor-thread-352#
[PollStageAppStatusExecution] 22d07cc0-425d-441c-8cbb-9456d26e40b2 [2026-08-19T17:46:53.440190] Downloading app package... (STDOUT, STG)#
#2026 08 19 17:47:01.938#Z#DEBUG#d739ad82-9bf5-11f1-8315-eeee0a991ab8.mycapapp-srv#flowable-async-job-executor-thread-352#
[PollStageAppStatusExecution] 22d07cc0-425d-441c-8cbb-9456d26e40b2 [2026-08-19T17:46:53.440214] Downloading build artifacts cache... (STDOUT, STG)#
#2026 08 19 17:47:01.938#Z#DEBUG#d739ad82-9bf5-11f1-8315-eeee0a991ab8.mycapapp-srv#flowable-async-job-executor-thread-352#
[PollStageAppStatusExecution] 22d07cc0-425d-441c-8cbb-9456d26e40b2 [2026-08-19T17:46:53.530569] Downloaded build artifacts cache (215B) (STDOUT, STG)#
#2026 08 19 17:47:01.938#Z#DEBUG#d739ad82-9bf5-11f1-8315-eeee0a991ab8.mycapapp-srv#flowable-async-job-executor-thread-352#
[PollStageAppStatusExecution] 22d07cc0-425d-441c-8cbb-9456d26e40b2 [2026-08-19T17:46:53.954248] Downloaded app package (5.5M) (STDOUT, STG)#
#2026 08 19 17:47:01.938#Z#DEBUG#d739ad82-9bf5-11f1-8315-eeee0a991ab8.mycapapp-srv#flowable-async-job-executor-thread-352#
[PollStageAppStatusExecution] 22d07cc0-425d-441c-8cbb-9456d26e40b2 [2026-08-19T17:46:54.005265] -----> Nodejs Buildpack version 1.9.3 (STDOUT, STG)#
#2026 08 19 17:47:01.938#Z#DEBUG#d739ad82-9bf5-11f1-8315-eeee0a991ab8.mycapapp-srv#flowable-async-job-executor-thread-352#
[PollStageAppStatusExecution] 22d07cc0-425d-441c-8cbb-9456d26e40b2 [2026-08-19T17:46:54.005291] [31;1m**WARNING**[0m buildpack version changed from 1.9.2 to 1.9.3 (STDOUT, STG)#
#2026 08 19 17:47:01.938#Z#DEBUG#d739ad82-9bf5-11f1-8315-eeee0a991ab8.mycapapp-srv#flowable-async-job-executor-thread-352#
[PollStageAppStatusExecution] 22d07cc0-425d-441c-8cbb-9456d26e40b2 [2026-08-19T17:46:54.171147] -----> Bootstrapping python (STDOUT, STG)#
#2026 08 19 17:47:01.938#Z#DEBUG#d739ad82-9bf5-11f1-8315-eeee0a991ab8.mycapapp-srv#flowable-async-job-executor-thread-352#
[PollStageAppStatusExecution] 22d07cc0-425d-441c-8cbb-9456d26e40b2 [2026-08-19T17:46:54.171168] -----> Installing python 3.13.14 (STDOUT, STG)#
#2026 08 19 17:47:01.938#Z#DEBUG#d739ad82-9bf5-11f1-8315-eeee0a991ab8.mycapapp-srv#flowable-async-job-executor-thread-352#
[PollStageAppStatusExecution] 22d07cc0-425d-441c-8cbb-9456d26e40b2 [2026-08-19T17:46:54.171231] Copy [/tmp/buildpacks/adc5840e3e50b48d/dependencies/4b4266a2ff36730aef37b88b668ca327/python_3.13.14_linux_x64_cflinuxfs4_b80d4954.tgz] (STDOUT, STG)#
#2026 08 19 17:47:01.938#Z#DEBUG#d739ad82-9bf5-11f1-8315-eeee0a991ab8.mycapapp-srv#flowable-async-job-executor-thread-352#
[PollStageAppStatusExecution] 22d07cc0-425d-441c-8cbb-9456d26e40b2 [2026-08-19T17:46:57.172092] -----> Installing binaries (STDOUT, STG)#
#2026 08 19 17:47:01.938#Z#DEBUG#d739ad82-9bf5-11f1-8315-eeee0a991ab8.mycapapp-srv#flowable-async-job-executor-thread-352#
[PollStageAppStatusExecution] 22d07cc0-425d-441c-8cbb-9456d26e40b2 [2026-08-19T17:46:57.172120] engines.node (package.json): ^24 (STDOUT, STG)#
#2026 08 19 17:47:01.938#Z#DEBUG#d739ad82-9bf5-11f1-8315-eeee0a991ab8.mycapapp-srv#flowable-async-job-executor-thread-352#
[PollStageAppStatusExecution] 22d07cc0-425d-441c-8cbb-9456d26e40b2 [2026-08-19T17:46:57.172126] engines.npm (package.json): unspecified (use default) (STDOUT, STG)#
#2026 08 19 17:47:01.938#Z#DEBUG#d739ad82-9bf5-11f1-8315-eeee0a991ab8.mycapapp-srv#flowable-async-job-executor-thread-352#
[PollStageAppStatusExecution] 22d07cc0-425d-441c-8cbb-9456d26e40b2 [2026-08-19T17:46:57.172139] -----> Installing node 24.18.0 (STDOUT, STG)#
#2026 08 19 17:47:01.938#Z#DEBUG#d739ad82-9bf5-11f1-8315-eeee0a991ab8.mycapapp-srv#flowable-async-job-executor-thread-352#
[PollStageAppStatusExecution] 22d07cc0-425d-441c-8cbb-9456d26e40b2 [2026-08-19T17:46:57.172226] Copy [/tmp/buildpacks/adc5840e3e50b48d/dependencies/dffbbb835fcd073c4544f78eb6247fac/node_24.18.0_linux_x64_cflinuxfs4_cdfed650.tgz] (STDOUT, STG)#
#2026 08 19 17:47:01.938#Z#DEBUG#d739ad82-9bf5-11f1-8315-eeee0a991ab8.mycapapp-srv#flowable-async-job-executor-thread-352#
[PollStageAppStatusExecution] 22d07cc0-425d-441c-8cbb-9456d26e40b2 [2026-08-19T17:46:58.893758] Using default npm version: 11.16.0 (STDOUT, STG)#
#2026 08 19 17:47:01.938#Z#DEBUG#d739ad82-9bf5-11f1-8315-eeee0a991ab8.mycapapp-srv#flowable-async-job-executor-thread-352#
[PollStageAppStatusExecution] 22d07cc0-425d-441c-8cbb-9456d26e40b2 [2026-08-19T17:46:58.893789] -----> Installing yarn 1.22.22 (STDOUT, STG)#
#2026 08 19 17:47:01.938#Z#DEBUG#d739ad82-9bf5-11f1-8315-eeee0a991ab8.mycapapp-srv#flowable-async-job-executor-thread-352#
[PollStageAppStatusExecution] 22d07cc0-425d-441c-8cbb-9456d26e40b2 [2026-08-19T17:46:58.893966] Copy [/tmp/buildpacks/adc5840e3e50b48d/dependencies/e4fe26756e9984a665478d350474fa2e/yarn_1.22.22_linux_noarch_any-stack_b6132b86.tgz] (STDOUT, STG)#
#2026 08 19 17:47:01.938#Z#DEBUG#d739ad82-9bf5-11f1-8315-eeee0a991ab8.mycapapp-srv#flowable-async-job-executor-thread-352#
[PollStageAppStatusExecution] 22d07cc0-425d-441c-8cbb-9456d26e40b2 [2026-08-19T17:46:59.134034] Installed yarn 1.22.22 (STDOUT, STG)#
#2026 08 19 17:47:01.938#Z#DEBUG#d739ad82-9bf5-11f1-8315-eeee0a991ab8.mycapapp-srv#flowable-async-job-executor-thread-352#
[PollStageAppStatusExecution] 22d07cc0-425d-441c-8cbb-9456d26e40b2 [2026-08-19T17:46:59.134056] -----> Creating runtime environment (STDOUT, STG)#
#2026 08 19 17:47:01.938#Z#DEBUG#d739ad82-9bf5-11f1-8315-eeee0a991ab8.mycapapp-srv#flowable-async-job-executor-thread-352#
[PollStageAppStatusExecution] 22d07cc0-425d-441c-8cbb-9456d26e40b2 [2026-08-19T17:46:59.135341] NODE_ENV=production (STDOUT, STG)#
#2026 08 19 17:47:01.938#Z#DEBUG#d739ad82-9bf5-11f1-8315-eeee0a991ab8.mycapapp-srv#flowable-async-job-executor-thread-352#
[PollStageAppStatusExecution] 22d07cc0-425d-441c-8cbb-9456d26e40b2 [2026-08-19T17:46:59.135361] NODE_HOME=/tmp/contents1827354876/deps/0/node (STDOUT, STG)#
#2026 08 19 17:47:01.938#Z#DEBUG#d739ad82-9bf5-11f1-8315-eeee0a991ab8.mycapapp-srv#flowable-async-job-executor-thread-352#
[PollStageAppStatusExecution] 22d07cc0-425d-441c-8cbb-9456d26e40b2 [2026-08-19T17:46:59.135366] NODE_MODULES_CACHE=true (STDOUT, STG)#
#2026 08 19 17:47:01.938#Z#DEBUG#d739ad82-9bf5-11f1-8315-eeee0a991ab8.mycapapp-srv#flowable-async-job-executor-thread-352#
[PollStageAppStatusExecution] 22d07cc0-425d-441c-8cbb-9456d26e40b2 [2026-08-19T17:46:59.135371] NODE_VERBOSE=false (STDOUT, STG)#
#2026 08 19 17:47:01.938#Z#DEBUG#d739ad82-9bf5-11f1-8315-eeee0a991ab8.mycapapp-srv#flowable-async-job-executor-thread-352#
[PollStageAppStatusExecution] 22d07cc0-425d-441c-8cbb-9456d26e40b2 [2026-08-19T17:46:59.135375] NPM_CONFIG_LOGLEVEL=error (STDOUT, STG)#
#2026 08 19 17:47:01.938#Z#DEBUG#d739ad82-9bf5-11f1-8315-eeee0a991ab8.mycapapp-srv#flowable-async-job-executor-thread-352#
[PollStageAppStatusExecution] 22d07cc0-425d-441c-8cbb-9456d26e40b2 [2026-08-19T17:46:59.135380] NPM_CONFIG_PRODUCTION=true (STDOUT, STG)#
#2026 08 19 17:47:01.938#Z#DEBUG#d739ad82-9bf5-11f1-8315-eeee0a991ab8.mycapapp-srv#flowable-async-job-executor-thread-352#
[PollStageAppStatusExecution] 22d07cc0-425d-441c-8cbb-9456d26e40b2 [2026-08-19T17:46:59.135397] -----> Building dependencies (STDOUT, STG)#
#2026 08 19 17:47:01.938#Z#DEBUG#d739ad82-9bf5-11f1-8315-eeee0a991ab8.mycapapp-srv#flowable-async-job-executor-thread-352#
[PollStageAppStatusExecution] 22d07cc0-425d-441c-8cbb-9456d26e40b2 [2026-08-19T17:46:59.135399] Prebuild detected (node_modules already exists) (STDOUT, STG)#
#2026 08 19 17:47:01.938#Z#DEBUG#d739ad82-9bf5-11f1-8315-eeee0a991ab8.mycapapp-srv#flowable-async-job-executor-thread-352#
[PollStageAppStatusExecution] 22d07cc0-425d-441c-8cbb-9456d26e40b2 [2026-08-19T17:46:59.135401] Rebuilding any native modules (STDOUT, STG)#
#2026 08 19 17:47:01.938#Z#DEBUG#d739ad82-9bf5-11f1-8315-eeee0a991ab8.mycapapp-srv#flowable-async-job-executor-thread-352#
[PollStageAppStatusExecution] 22d07cc0-425d-441c-8cbb-9456d26e40b2 [2026-08-19T17:46:59.625] rebuilt dependencies successfully (STDOUT, STG)#
#2026 08 19 17:47:01.938#Z#DEBUG#d739ad82-9bf5-11f1-8315-eeee0a991ab8.mycapapp-srv#flowable-async-job-executor-thread-352#
[PollStageAppStatusExecution] 22d07cc0-425d-441c-8cbb-9456d26e40b2 [2026-08-19T17:46:59.626108] npm notice (STDOUT, STG)#
#2026 08 19 17:47:01.938#Z#DEBUG#d739ad82-9bf5-11f1-8315-eeee0a991ab8.mycapapp-srv#flowable-async-job-executor-thread-352#
[PollStageAppStatusExecution] 22d07cc0-425d-441c-8cbb-9456d26e40b2 [2026-08-19T17:46:59.626126] npm notice New major version of npm available! 11.16.0 -> 12.0.2 (STDOUT, STG)#
#2026 08 19 17:47:01.938#Z#DEBUG#d739ad82-9bf5-11f1-8315-eeee0a991ab8.mycapapp-srv#flowable-async-job-executor-thread-352#
[PollStageAppStatusExecution] 22d07cc0-425d-441c-8cbb-9456d26e40b2 [2026-08-19T17:46:59.626131] npm notice Changelog: https://github.com/npm/cli/releases/tag/v12.0.2 (STDOUT, STG)#
#2026 08 19 17:47:01.938#Z#DEBUG#d739ad82-9bf5-11f1-8315-eeee0a991ab8.mycapapp-srv#flowable-async-job-executor-thread-352#
[PollStageAppStatusExecution] 22d07cc0-425d-441c-8cbb-9456d26e40b2 [2026-08-19T17:46:59.626138] npm notice To update run: npm install -g npm@12.0.2 (STDOUT, STG)#
#2026 08 19 17:47:01.938#Z#DEBUG#d739ad82-9bf5-11f1-8315-eeee0a991ab8.mycapapp-srv#flowable-async-job-executor-thread-352#
[PollStageAppStatusExecution] 22d07cc0-425d-441c-8cbb-9456d26e40b2 [2026-08-19T17:46:59.626141] npm notice (STDOUT, STG)#
#2026 08 19 17:47:01.938#Z#DEBUG#d739ad82-9bf5-11f1-8315-eeee0a991ab8.mycapapp-srv#flowable-async-job-executor-thread-352#
[PollStageAppStatusExecution] 22d07cc0-425d-441c-8cbb-9456d26e40b2 [2026-08-19T17:46:59.672828] Installing any new modules (package.json + package-lock.json) (STDOUT, STG)#
#2026 08 19 17:47:01.938#Z#DEBUG#d739ad82-9bf5-11f1-8315-eeee0a991ab8.mycapapp-srv#flowable-async-job-executor-thread-352#
[PollStageAppStatusExecution] 22d07cc0-425d-441c-8cbb-9456d26e40b2 [2026-08-19T17:47:00.195823] up to date in 465ms (STDOUT, STG)#
#2026 08 19 17:47:01.938#Z#DEBUG#d739ad82-9bf5-11f1-8315-eeee0a991ab8.mycapapp-srv#flowable-async-job-executor-thread-352#
[PollStageAppStatusExecution] 22d07cc0-425d-441c-8cbb-9456d26e40b2 [2026-08-19T17:47:00.196020] 31 packages are looking for funding (STDOUT, STG)#
#2026 08 19 17:47:01.938#Z#DEBUG#d739ad82-9bf5-11f1-8315-eeee0a991ab8.mycapapp-srv#flowable-async-job-executor-thread-352#
[PollStageAppStatusExecution] 22d07cc0-425d-441c-8cbb-9456d26e40b2 [2026-08-19T17:47:00.196055] run `npm fund` for details (STDOUT, STG)#
#2026 08 19 17:47:01.938#Z#DEBUG#d739ad82-9bf5-11f1-8315-eeee0a991ab8.mycapapp-srv#flowable-async-job-executor-thread-352#
[PollStageAppStatusExecution] 22d07cc0-425d-441c-8cbb-9456d26e40b2 [2026-08-19T17:47:00.724762] Contrast Security no credentials found. Will not write environment files. (STDOUT, STG)#
#2026 08 19 17:47:11.960#Z#DEBUG#d739ad82-9bf5-11f1-8315-eeee0a991ab8.mycapapp-srv#flowable-async-job-executor-thread-359#
[PollStageAppStatusExecution] 22d07cc0-425d-441c-8cbb-9456d26e40b2 [2026-08-19T17:47:08.843129] Exit status 0 (STDOUT, STG)#
#2026 08 19 17:47:11.960#Z#DEBUG#d739ad82-9bf5-11f1-8315-eeee0a991ab8.mycapapp-srv#flowable-async-job-executor-thread-359#
[PollStageAppStatusExecution] 22d07cc0-425d-441c-8cbb-9456d26e40b2 [2026-08-19T17:47:08.843205] Uploading droplet, build artifacts cache... (STDOUT, STG)#
#2026 08 19 17:47:11.960#Z#DEBUG#d739ad82-9bf5-11f1-8315-eeee0a991ab8.mycapapp-srv#flowable-async-job-executor-thread-359#
[PollStageAppStatusExecution] 22d07cc0-425d-441c-8cbb-9456d26e40b2 [2026-08-19T17:47:08.843268] Uploading droplet... (STDOUT, STG)#
#2026 08 19 17:47:11.960#Z#DEBUG#d739ad82-9bf5-11f1-8315-eeee0a991ab8.mycapapp-srv#flowable-async-job-executor-thread-359#
[PollStageAppStatusExecution] 22d07cc0-425d-441c-8cbb-9456d26e40b2 [2026-08-19T17:47:08.843298] Uploading build artifacts cache... (STDOUT, STG)#
#2026 08 19 17:47:11.960#Z#DEBUG#d739ad82-9bf5-11f1-8315-eeee0a991ab8.mycapapp-srv#flowable-async-job-executor-thread-359#
[PollStageAppStatusExecution] 22d07cc0-425d-441c-8cbb-9456d26e40b2 [2026-08-19T17:47:08.874125] Uploaded build artifacts cache (224B) (STDOUT, STG)#
#2026 08 19 17:47:11.960#Z#DEBUG#d739ad82-9bf5-11f1-8315-eeee0a991ab8.mycapapp-srv#flowable-async-job-executor-thread-359#
[PollStageAppStatusExecution] 22d07cc0-425d-441c-8cbb-9456d26e40b2 [2026-08-19T17:47:09.422775] Creating droplet for app with guid 22d07cc0-425d-441c-8cbb-9456d26e40b2 (STDOUT, API)#
#2026 08 19 17:47:21.962#Z#DEBUG#d739ad82-9bf5-11f1-8315-eeee0a991ab8.mycapapp-srv#flowable-async-job-executor-thread-405#
[PollStageAppStatusExecution] 22d07cc0-425d-441c-8cbb-9456d26e40b2 [2026-08-19T17:47:12.497910] Uploaded droplet (61.8M) (STDOUT, STG)#
#2026 08 19 17:47:21.962#Z#DEBUG#d739ad82-9bf5-11f1-8315-eeee0a991ab8.mycapapp-srv#flowable-async-job-executor-thread-405#
[PollStageAppStatusExecution] 22d07cc0-425d-441c-8cbb-9456d26e40b2 [2026-08-19T17:47:12.512425] Uploading complete (STDOUT, STG)#
#2026 08 19 17:47:21.962#Z#DEBUG#d739ad82-9bf5-11f1-8315-eeee0a991ab8.mycapapp-srv#flowable-async-job-executor-thread-405#
[PollStageAppStatusExecution] 22d07cc0-425d-441c-8cbb-9456d26e40b2 [2026-08-19T17:47:13.287124] Cell 89b9d699-6741-4253-b74d-7b474c46b6cc stopping instance 908b5aa1-4181-4a37-a1d1-710b02e47680 (STDOUT, STG)#
#2026 08 19 17:47:21.962#Z#DEBUG#d739ad82-9bf5-11f1-8315-eeee0a991ab8.mycapapp-srv#flowable-async-job-executor-thread-405#
[PollStageAppStatusExecution] 22d07cc0-425d-441c-8cbb-9456d26e40b2 [2026-08-19T17:47:13.287165] Cell 89b9d699-6741-4253-b74d-7b474c46b6cc destroying container for instance 908b5aa1-4181-4a37-a1d1-710b02e47680 (STDOUT, STG)#
#2026 08 19 17:47:21.962#Z#DEBUG#d739ad82-9bf5-11f1-8315-eeee0a991ab8.mycapapp-srv#flowable-async-job-executor-thread-405#
[PollStageAppStatusExecution] 22d07cc0-425d-441c-8cbb-9456d26e40b2 [2026-08-19T17:47:13.335989] Staging complete for build 908b5aa1-4181-4a37-a1d1-710b02e47680 (STDOUT, API)#
#2026 08 19 17:47:21.962#Z#DEBUG#d739ad82-9bf5-11f1-8315-eeee0a991ab8.mycapapp-srv#flowable-async-job-executor-thread-405#
[PollStageAppStatusExecution] 22d07cc0-425d-441c-8cbb-9456d26e40b2 [2026-08-19T17:47:14.668113] Cell 89b9d699-6741-4253-b74d-7b474c46b6cc successfully destroyed container for instance 908b5aa1-4181-4a37-a1d1-710b02e47680 (STDOUT, STG)#
#2026 08 19 17:47:31.983#Z#DEBUG#d739ad82-9bf5-11f1-8315-eeee0a991ab8.mycapapp-srv#flowable-async-job-executor-thread-376#
[PollStartAppStatusExecution] 22d07cc0-425d-441c-8cbb-9456d26e40b2 [2026-08-19T17:47:22.044989] Updated app with guid 22d07cc0-425d-441c-8cbb-9456d26e40b2 ({:droplet_guid=>"4d8da850-8bbd-405e-8489-f55bd43f2d58"}) (STDOUT, API)#
#2026 08 19 17:47:31.983#Z#DEBUG#d739ad82-9bf5-11f1-8315-eeee0a991ab8.mycapapp-srv#flowable-async-job-executor-thread-376#
[PollStartAppStatusExecution] 22d07cc0-425d-441c-8cbb-9456d26e40b2 [2026-08-19T17:47:22.240454] Creating revision for app with guid 22d07cc0-425d-441c-8cbb-9456d26e40b2 (STDOUT, API)#
#2026 08 19 17:47:31.983#Z#DEBUG#d739ad82-9bf5-11f1-8315-eeee0a991ab8.mycapapp-srv#flowable-async-job-executor-thread-376#
[PollStartAppStatusExecution] 22d07cc0-425d-441c-8cbb-9456d26e40b2 [2026-08-19T17:47:22.300337] Starting app with guid 22d07cc0-425d-441c-8cbb-9456d26e40b2 (STDOUT, API)#
#2026 08 19 17:47:31.983#Z#DEBUG#d739ad82-9bf5-11f1-8315-eeee0a991ab8.mycapapp-srv#flowable-async-job-executor-thread-376#
[PollStartAppStatusExecution] 22d07cc0-425d-441c-8cbb-9456d26e40b2 [2026-08-19T17:47:22.476211] Cell c343a1ce-501c-453d-aabd-5a2aaaa23496 creating container for instance 47493235-7601-4e6a-478b-0c30 (STDOUT, CELL)#
#2026 08 19 17:47:31.983#Z#DEBUG#d739ad82-9bf5-11f1-8315-eeee0a991ab8.mycapapp-srv#flowable-async-job-executor-thread-376#
[PollStartAppStatusExecution] 22d07cc0-425d-441c-8cbb-9456d26e40b2 [2026-08-19T17:47:22.788353] Security group rules were updated (STDOUT, CELL)#
#2026 08 19 17:47:31.983#Z#DEBUG#d739ad82-9bf5-11f1-8315-eeee0a991ab8.mycapapp-srv#flowable-async-job-executor-thread-376#
[PollStartAppStatusExecution] 22d07cc0-425d-441c-8cbb-9456d26e40b2 [2026-08-19T17:47:22.855047] Cell c343a1ce-501c-453d-aabd-5a2aaaa23496 successfully created container for instance 47493235-7601-4e6a-478b-0c30 (STDOUT, CELL)#
#2026 08 19 17:47:31.983#Z#DEBUG#d739ad82-9bf5-11f1-8315-eeee0a991ab8.mycapapp-srv#flowable-async-job-executor-thread-376#
[PollStartAppStatusExecution] 22d07cc0-425d-441c-8cbb-9456d26e40b2 [2026-08-19T17:47:23.247664] Downloading droplet... (STDOUT, CELL)#
#2026 08 19 17:47:31.983#Z#DEBUG#d739ad82-9bf5-11f1-8315-eeee0a991ab8.mycapapp-srv#flowable-async-job-executor-thread-376#
[PollStartAppStatusExecution] 22d07cc0-425d-441c-8cbb-9456d26e40b2 [2026-08-19T17:47:26.227843] Downloaded droplet (61.8M) (STDOUT, CELL)#
#2026 08 19 17:47:31.983#Z#DEBUG#d739ad82-9bf5-11f1-8315-eeee0a991ab8.mycapapp-srv#flowable-async-job-executor-thread-376#
[PollStartAppStatusExecution] 22d07cc0-425d-441c-8cbb-9456d26e40b2 [2026-08-19T17:47:26.227980] Starting health monitoring of container (STDOUT, CELL)#
#2026 08 19 17:47:31.983#Z#DEBUG#d739ad82-9bf5-11f1-8315-eeee0a991ab8.mycapapp-srv#flowable-async-job-executor-thread-376#
[PollStartAppStatusExecution] 22d07cc0-425d-441c-8cbb-9456d26e40b2 [2026-08-19T17:47:26.277649] Invoking pre-start scripts. (STDOUT, APP/PROC/WEB)#
#2026 08 19 17:47:31.983#Z#DEBUG#d739ad82-9bf5-11f1-8315-eeee0a991ab8.mycapapp-srv#flowable-async-job-executor-thread-376#
[PollStartAppStatusExecution] 22d07cc0-425d-441c-8cbb-9456d26e40b2 [2026-08-19T17:47:26.419150] Invoking start command. (STDOUT, APP/PROC/WEB)#
#2026 08 19 17:47:31.983#Z#DEBUG#d739ad82-9bf5-11f1-8315-eeee0a991ab8.mycapapp-srv#flowable-async-job-executor-thread-376#
[PollStartAppStatusExecution] 22d07cc0-425d-441c-8cbb-9456d26e40b2 [2026-08-19T17:47:26.706680] > mycapapp@1.0.0 start (STDOUT, APP/PROC/WEB)#
#2026 08 19 17:47:31.983#Z#DEBUG#d739ad82-9bf5-11f1-8315-eeee0a991ab8.mycapapp-srv#flowable-async-job-executor-thread-376#
[PollStartAppStatusExecution] 22d07cc0-425d-441c-8cbb-9456d26e40b2 [2026-08-19T17:47:26.706712] > cds-serve (STDOUT, APP/PROC/WEB)#
#2026 08 19 17:47:31.983#Z#DEBUG#d739ad82-9bf5-11f1-8315-eeee0a991ab8.mycapapp-srv#flowable-async-job-executor-thread-376#
[PollStartAppStatusExecution] 22d07cc0-425d-441c-8cbb-9456d26e40b2 [2026-08-19T17:47:27.032158] {"level":"info","logger":"cds","timestamp":"2026-08-19T17:47:27.031Z","layer":"cds","component_type":"application","container_id":"10.37.192.4","component_id":"22d07cc0-425d-441c-8cbb-9456d26e40b2","component_name":"mycapapp-srv","component_instance":0,"source_instance":0,"organization_name":"7552edf5trial","organization_id":"f947dbd6-c83f-42a2-a7ec-4bf2f722d93b","space_name":"dev","space_id":"b29d2292-6952-4f26-8288-4fbcf217a78e","msg":"loaded model from 1 file(s):\n ","type":"log"} (STDOUT, APP/PROC/WEB)#
#2026 08 19 17:47:31.983#Z#DEBUG#d739ad82-9bf5-11f1-8315-eeee0a991ab8.mycapapp-srv#flowable-async-job-executor-thread-376#
[PollStartAppStatusExecution] 22d07cc0-425d-441c-8cbb-9456d26e40b2 [2026-08-19T17:47:27.032312] srv/csn.json (STDOUT, APP/PROC/WEB)#
#2026 08 19 17:47:31.983#Z#DEBUG#d739ad82-9bf5-11f1-8315-eeee0a991ab8.mycapapp-srv#flowable-async-job-executor-thread-376#
[PollStartAppStatusExecution] 22d07cc0-425d-441c-8cbb-9456d26e40b2 [2026-08-19T17:47:27.220810] {"level":"info","logger":"cds","timestamp":"2026-08-19T17:47:27.220Z","layer":"cds","component_type":"application","container_id":"10.37.192.4","component_id":"22d07cc0-425d-441c-8cbb-9456d26e40b2","component_name":"mycapapp-srv","component_instance":0,"source_instance":0,"organization_name":"7552edf5trial","organization_id":"f947dbd6-c83f-42a2-a7ec-4bf2f722d93b","space_name":"dev","space_id":"b29d2292-6952-4f26-8288-4fbcf217a78e","msg":"connect to db > hana {\n  database_id: 'f45e4fbe-478b-48c4-8ce2-291b3fd48e1b',\n  host: 'f45e4fbe-478b-48c4-8ce2-291b3fd48e1b.hna0.prod-us10.hanacloud.ondemand.com',\n  port: '443',\n  driver: 'com.sap.db.jdbc.Driver',\n  url: 'jdbc:sap://f45e4fbe-478b-48c4-8ce2-291b3fd48e1b.hna0.prod-us10.hanacloud.ondemand.com:443?encrypt=true&validateCertificate=true&currentschema=3DCA844C2CFD4662AE5EDB40EBB90370',\n  schema: '3DCA844C2CFD4662AE5EDB40EBB90370',\n  certificate: '...',\n  hdi_user: '3DCA844C2CFD4662AE5EDB40EBB90370_BUN41SL72A3LKCQUUGD2B0WA7_DT',\n  hdi_password: '...',\n  user: '3DCA844C2CFD4662AE5EDB40EBB90370_BUN41SL72A3LKCQUUGD2B0WA7_RT',\n  password: '...'\n}","type":"log"} (STDOUT, APP/PROC/WEB)#
#2026 08 19 17:47:31.983#Z#DEBUG#d739ad82-9bf5-11f1-8315-eeee0a991ab8.mycapapp-srv#flowable-async-job-executor-thread-376#
[PollStartAppStatusExecution] 22d07cc0-425d-441c-8cbb-9456d26e40b2 [2026-08-19T17:47:27.258751] {"level":"info","logger":"cds","timestamp":"2026-08-19T17:47:27.258Z","layer":"cds","component_type":"application","container_id":"10.37.192.4","component_id":"22d07cc0-425d-441c-8cbb-9456d26e40b2","component_name":"mycapapp-srv","component_instance":0,"source_instance":0,"organization_name":"7552edf5trial","organization_id":"f947dbd6-c83f-42a2-a7ec-4bf2f722d93b","space_name":"dev","space_id":"b29d2292-6952-4f26-8288-4fbcf217a78e","msg":"using auth strategy { kind: 'xsuaa' }","type":"log"} (STDOUT, APP/PROC/WEB)#
#2026 08 19 17:47:31.983#Z#DEBUG#d739ad82-9bf5-11f1-8315-eeee0a991ab8.mycapapp-srv#flowable-async-job-executor-thread-376#
[PollStartAppStatusExecution] 22d07cc0-425d-441c-8cbb-9456d26e40b2 [2026-08-19T17:47:27.282593] {"level":"info","logger":"cds","timestamp":"2026-08-19T17:47:27.282Z","layer":"cds","component_type":"application","container_id":"10.37.192.4","component_id":"22d07cc0-425d-441c-8cbb-9456d26e40b2","component_name":"mycapapp-srv","component_instance":0,"source_instance":0,"organization_name":"7552edf5trial","organization_id":"f947dbd6-c83f-42a2-a7ec-4bf2f722d93b","space_name":"dev","space_id":"b29d2292-6952-4f26-8288-4fbcf217a78e","msg":"serving CDSService {\n  at: [ '/odata/v4/CDSService' ],\n  decl: 'srv/csn.json:1332',\n  impl: 'srv/CDSService.js'\n}","type":"log"} (STDOUT, APP/PROC/WEB)#
#2026 08 19 17:47:31.983#Z#DEBUG#d739ad82-9bf5-11f1-8315-eeee0a991ab8.mycapapp-srv#flowable-async-job-executor-thread-376#
[PollStartAppStatusExecution] 22d07cc0-425d-441c-8cbb-9456d26e40b2 [2026-08-19T17:47:27.283309] {"level":"info","logger":"cds","timestamp":"2026-08-19T17:47:27.283Z","layer":"cds","component_type":"application","container_id":"10.37.192.4","component_id":"22d07cc0-425d-441c-8cbb-9456d26e40b2","component_name":"mycapapp-srv","component_instance":0,"source_instance":0,"organization_name":"7552edf5trial","organization_id":"f947dbd6-c83f-42a2-a7ec-4bf2f722d93b","space_name":"dev","space_id":"b29d2292-6952-4f26-8288-4fbcf217a78e","msg":"serving CatalogService {\n  at: [ '/odata/v4/CatalogService' ],\n  decl: 'srv/csn.json:1492',\n  impl: 'srv/CatalogService.js'\n}","type":"log"} (STDOUT, APP/PROC/WEB)#
#2026 08 19 17:47:31.983#Z#DEBUG#d739ad82-9bf5-11f1-8315-eeee0a991ab8.mycapapp-srv#flowable-async-job-executor-thread-376#
[PollStartAppStatusExecution] 22d07cc0-425d-441c-8cbb-9456d26e40b2 [2026-08-19T17:47:27.286975] {"level":"info","logger":"cds","timestamp":"2026-08-19T17:47:27.286Z","layer":"cds","component_type":"application","container_id":"10.37.192.4","component_id":"22d07cc0-425d-441c-8cbb-9456d26e40b2","component_name":"mycapapp-srv","component_instance":0,"source_instance":0,"organization_name":"7552edf5trial","organization_id":"f947dbd6-c83f-42a2-a7ec-4bf2f722d93b","space_name":"dev","space_id":"b29d2292-6952-4f26-8288-4fbcf217a78e","msg":"server listening on { url: 'http://localhost:8080' }","type":"log"} (STDOUT, APP/PROC/WEB)#
#2026 08 19 17:47:31.983#Z#DEBUG#d739ad82-9bf5-11f1-8315-eeee0a991ab8.mycapapp-srv#flowable-async-job-executor-thread-376#
[PollStartAppStatusExecution] 22d07cc0-425d-441c-8cbb-9456d26e40b2 [2026-08-19T17:47:27.287938] {"level":"info","logger":"cds","timestamp":"2026-08-19T17:47:27.287Z","layer":"cds","component_type":"application","container_id":"10.37.192.4","component_id":"22d07cc0-425d-441c-8cbb-9456d26e40b2","component_name":"mycapapp-srv","component_instance":0,"source_instance":0,"organization_name":"7552edf5trial","organization_id":"f947dbd6-c83f-42a2-a7ec-4bf2f722d93b","space_name":"dev","space_id":"b29d2292-6952-4f26-8288-4fbcf217a78e","msg":"server v10.0.5 launched in 572 ms","type":"log"} (STDOUT, APP/PROC/WEB)#
#2026 08 19 17:47:31.983#Z#DEBUG#d739ad82-9bf5-11f1-8315-eeee0a991ab8.mycapapp-srv#flowable-async-job-executor-thread-376#
[PollStartAppStatusExecution] 22d07cc0-425d-441c-8cbb-9456d26e40b2 [2026-08-19T17:47:28.293926] {"level":"warn","logger":"queue","correlation_id":"05147a09-807c-4f21-8f0d-895684f50126","timestamp":"2026-08-19T17:47:28.293Z","msg":"Failed to fetch targets for flush Pool resource could not be acquired within 1s","stacktrace":["Error: Pool resource could not be acquired within 1s","at /home/vcap/app/node_modules/@cap-js/db-service/lib/common/generic-pool.js:71:21","at new Promise (<anonymous>)","at new Request (/home/vcap/app/node_modules/@cap-js/db-service/lib/common/generic-pool.js:59:20)","at Pool.acquire (/home/vcap/app/node_modules/@cap-js/db-service/lib/common/generic-pool.js:141:21)","at HANAService.acquire (/home/vcap/app/node_modules/@cap-js/db-service/lib/common/DatabaseService.js:106:28)","at HANAService.begin (/home/vcap/app/node_modules/@cap-js/db-service/lib/common/DatabaseService.js:66:27)","at HANAService._begin [as dispatch] (/home/vcap/app/node_modules/@sap/cds/lib/srv/srv-tx.js:195:38)","at /home/vcap/app/node_modules/@sap/cds/lib/srv/srv-dispatch.js:20:50","at HANAService.run (/home/vcap/app/node_modules/@sap/cds/lib/srv/cds.Service.js:171:44)","at HANAService.run (/home/vcap/app/node_modules/@cap-js/db-service/lib/common/DatabaseService.js:158:18)"],"layer":"cds","component_type":"application","container_id":"10.37.192.4","component_id":"22d07cc0-425d-441c-8cbb-9456d26e40b2","component_name":"mycapapp-srv","component_instance":0,"source_instance":0,"organization_name":"7552edf5trial","organization_id":"f947dbd6-c83f-42a2-a7ec-4bf2f722d93b","space_name":"dev","space_id":"b29d2292-6952-4f26-8288-4fbcf217a78e","type":"log"} (STDERR, APP/PROC/WEB)#
#2026 08 19 17:47:31.983#Z#DEBUG#d739ad82-9bf5-11f1-8315-eeee0a991ab8.mycapapp-srv#flowable-async-job-executor-thread-376#
[PollStartAppStatusExecution] 22d07cc0-425d-441c-8cbb-9456d26e40b2 [2026-08-19T17:47:29.668532] Container became healthy (STDOUT, CELL)#
#2026 08 19 17:47:31.983#Z#DEBUG#d739ad82-9bf5-11f1-8315-eeee0a991ab8.mycapapp-srv#flowable-async-job-executor-thread-376#
[PollStartAppStatusExecution] 22d07cc0-425d-441c-8cbb-9456d26e40b2 [2026-08-19T17:47:29.692449] Process became ready with guid 22d07cc0-425d-441c-8cbb-9456d26e40b2 payload: {"instance"=>"47493235-7601-4e6a-478b-0c30", "index"=>0, "cell_id"=>"c343a1ce-501c-453d-aabd-5a2aaaa23496", "ready"=>true, "version"=>"b02dfd29-4bee-49df-931c-24fd0d21ade9"} (STDOUT, API)#
